Mono path[0] = 'C:/Hemant/Prj/Learning/Unity3DPrj/Builds/PhaseF3_Release/LanternKeeper_Data/Managed'
Mono config path = 'C:/Hemant/Prj/Learning/Unity3DPrj/Builds/PhaseF3_Release/MonoBleedingEdge/etc'
CodeReloadManager initialized
Input System module state changed to: Initialized.
[Physics::Module] Initialized fallback backend.
[Physics::Module] Id: 0xdecafbad
Initialize engine version: 6000.6.3f1 (45d8eee7de74)
[EntityIdStore] init: VM path (explicit commit), pageSize=4096, blockCount=1048576, entitiesPerBlock=256, slots reserved=4294967296 bytes
[Subsystems] Discovering subsystems at path C:/Hemant/Prj/Learning/Unity3DPrj/Builds/PhaseF3_Release/LanternKeeper_Data/UnitySubsystems
GfxDevice: creating device client; kGfxThreadingModeClientWorkerJobs
Direct3D:
    Version:  Direct3D 11.0 [level 11.1]
    Renderer: NVIDIA GeForce RTX 4050 Laptop GPU (ID=0x28a1)
    Vendor:   NVIDIA
    VRAM:     5920 MB
    Driver:   32.0.16.1714
Begin MonoManager ReloadAssembly
- Finished resetting the current domain, in  0.008 seconds
[Physics::Module] Selected backend (deferred post-plugins).
[Physics::Module] Name: PhysX
[Physics::Module] Id: 0xf2b8ea05
[Physics::Module] SDK Version: 4.1.2
[Physics::Module] Integration Version: 1.0.0
[Physics::Module] Threading Mode: Multi-Threaded
<RI> Initializing input.
Using Windows.Gaming.Input
UnloadTime: 1.970400 ms
WaterQuality Ultra renderer=0 low=False foamReach=12 rippleRange=1.35 detail=1 probe=once
WaterQuality rendered reflection probe once: SkyProbe
HorizonQuality MainMenu Ultra ranges Range0:1,Range1:1,Range2:1 ridges Ridge0:1,Ridge1:1 hazeActive 2/2 band 2,2 sharedBand 2,2 far Main Camera=1170 tris ranges 25920 ridges 15360 haze 384
WaterQuality Ultra renderer=0 low=False foamReach=12 rippleRange=1.35 detail=1 probe=once
HorizonQuality MainMenu Ultra ranges Range0:1,Range1:1,Range2:1 ridges Ridge0:1,Ridge1:1 hazeActive 2/2 band 2,2 sharedBand 2,2 far Main Camera=1170 tris ranges 25920 ridges 15360 haze 384
WaterHazard references were not wired. Resolved once.
Drain multiplier x1.00 full x1.00 difficulty x1.00
Shader 'Hidden/Universal Render Pipeline/GaussianDepthOfField' is not supported or has been stripped from the build (in 'DepthOfFieldGaussianPostProcessPass'). PostProcessing render passes will not execute.
Shader 'Hidden/Universal Render Pipeline/GaussianDepthOfField' is not supported or has been stripped from the build (in 'DepthOfFieldGaussianPostProcessPass'). PostProcessing render passes will not execute.
Shader 'Hidden/Universal Render Pipeline/BokehDepthOfField' is not supported or has been stripped from the build (in 'DepthOfFieldBokehPostProcessPass'). PostProcessing render passes will not execute.
Shader 'Hidden/Universal Render Pipeline/PaniniProjection' is not supported or has been stripped from the build (in 'PaniniProjectionPostProcessPass'). PostProcessing render passes will not execute.
GPU Resident Drawer created.
