Mono path[0] = 'C:/Hemant/Prj/Learning/Unity3DPrj/Builds/PhaseF2_Release/LanternKeeper_Data/Managed'
Mono config path = 'C:/Hemant/Prj/Learning/Unity3DPrj/Builds/PhaseF2_Release/MonoBleedingEdge/etc'
CodeReloadManager initialized
Input System module state changed to: Initialized.
[Physics::Module] Initialized fallback backend.
[Physics::Module] Id: 0xdecafbad
Initialize engine version: 6000.6.3f1 (45d8eee7de74)
[EntityIdStore] init: VM path (explicit commit), pageSize=4096, blockCount=1048576, entitiesPerBlock=256, slots reserved=4294967296 bytes
[Subsystems] Discovering subsystems at path C:/Hemant/Prj/Learning/Unity3DPrj/Builds/PhaseF2_Release/LanternKeeper_Data/UnitySubsystems
GfxDevice: creating device client; kGfxThreadingModeClientWorkerJobs
Direct3D:
    Version:  Direct3D 11.0 [level 11.1]
    Renderer: NVIDIA GeForce RTX 4050 Laptop GPU (ID=0x28a1)
    Vendor:   NVIDIA
    VRAM:     5920 MB
    Driver:   32.0.16.1714
Begin MonoManager ReloadAssembly
- Finished resetting the current domain, in  0.008 seconds
[Physics::Module] Selected backend (deferred post-plugins).
[Physics::Module] Name: PhysX
[Physics::Module] Id: 0xf2b8ea05
[Physics::Module] SDK Version: 4.1.2
[Physics::Module] Integration Version: 1.0.0
[Physics::Module] Threading Mode: Multi-Threaded
<RI> Initializing input.
Using Windows.Gaming.Input
UnloadTime: 4.488200 ms
WaterQuality Ultra renderer=0 low=False foamReach=12 rippleRange=1.35 detail=1 probe=once
WaterQuality rendered reflection probe once: SkyProbe
HorizonQuality MainMenu Ultra ranges Range0:1,Range1:1,Range2:1 ridges Ridge0:1,Ridge1:1 hazeActive 2/2 band 2,2 sharedBand 2,2 far Main Camera=1170 tris ranges 25920 ridges 15360 haze 384
WaterQuality Ultra renderer=0 low=False foamReach=12 rippleRange=1.35 detail=1 probe=once
HorizonQuality MainMenu Ultra ranges Range0:1,Range1:1,Range2:1 ridges Ridge0:1,Ridge1:1 hazeActive 2/2 band 2,2 sharedBand 2,2 far Main Camera=1170 tris ranges 25920 ridges 15360 haze 384
WaterHazard references were not wired. Resolved once.
LK_PerfProbe start scene=Island1 level=Ultra view=spawn seconds=20.0 vsync=0 stats=Triangles Count=ok,SetPass Calls Count=ok,Shadow Casters Count=ok,SRP Batcher Draw Calls Count=ok
Unloading 6 Unused Serialized files (Serialized files now loaded: 0)
Drain multiplier x1.00 full x1.00 difficulty x1.00
Shader 'Hidden/Universal Render Pipeline/GaussianDepthOfField' is not supported or has been stripped from the build (in 'DepthOfFieldGaussianPostProcessPass'). PostProcessing render passes will not execute.
Shader 'Hidden/Universal Render Pipeline/GaussianDepthOfField' is not supported or has been stripped from the build (in 'DepthOfFieldGaussianPostProcessPass'). PostProcessing render passes will not execute.
Shader 'Hidden/Universal Render Pipeline/BokehDepthOfField' is not supported or has been stripped from the build (in 'DepthOfFieldBokehPostProcessPass'). PostProcessing render passes will not execute.
Shader 'Hidden/Universal Render Pipeline/PaniniProjection' is not supported or has been stripped from the build (in 'PaniniProjectionPostProcessPass'). PostProcessing render passes will not execute.
GPU Resident Drawer created.
UnloadTime: 8.729800 ms
Audio snapshot -> Normal (resume)
KeeperQuality Ultra chestFill=on intensity=1.15 range=2.8 fillShadows=None lanternShadows=Soft lanternTier=0 lanternSoft=True keeperReceives=True culling=AlwaysAnimate | Body_LOD0 cast=On receive=True KeeperDark (Instance) noRim=False KeeperLeather (Instance) noRim=False KeeperSkin (Instance) noRim=False | Body_LOD1 cast=On receive=True KeeperDark (Instance) noRim=False KeeperLeather (Instance) noRim=False KeeperSkin (Instance) noRim=False | Cape_LOD0 cast=On receive=True KeeperCloth (Instance) noRim=False | Cape_LOD1 cast=On receive=True KeeperCloth (Instance) noRim=False | Iron cast=On receive=True LanternIron (Instance) noRim=False | Hood_LOD0 cast=On receive=True KeeperCloth (Instance) noRim=False | Hood_LOD1 cast=On receive=True KeeperCloth (Instance) noRim=False | Satchel_LOD0 cast=On receive=True KeeperLeather (Instance) noRim=False | Satchel_LOD1 cast=On receive=True KeeperLeather (Instance) noRim=False assetNoRim=False
HorizonQuality Island1 Ultra ranges Range0:1,Range1:1,Range2:1 ridges Ridge0:1,Ridge1:1 hazeActive 2/2 band 2,2 sharedBand 2,2 far Main Camera=1170 tris ranges 25920 ridges 15360 haze 384
LightQuality Ultra beaconMode=2 mult=1.5 urp=URP_Ultra addShadows=True | beacon0 Soft/off tier=0 | beacon1 Soft/off tier=0 | beacon2 Soft/off tier=0 | beacon3 Soft/off tier=0 | beacon4 Soft/off tier=0 | beacons lit=0 unlit=5 casting=0 | firefly 14/14 | moth 0/0 | enabledLights=22 shadowLights=2 | Sparks@FlameRoot rate=21 max=120 burst=- | Smoke@FlameRoot rate=9 max=120 burst=- | PickupBurst@Firefly rate=0 max=120 burst=24 | Splash@WaterVolume rate=0 max=72 burst=42 | Dust@Keeper rate=0 max=120 burst=-
WaterQuality Ultra renderer=0 low=False foamReach=12 rippleRange=1.35 detail=1 probe=once
WaterQuality rendered reflection probe once: SkyProbe
KeeperQuality Ultra chestFill=on intensity=1.15 range=2.8 fillShadows=None lanternShadows=Soft lanternTier=0 lanternSoft=True keeperReceives=True culling=AlwaysAnimate | Body_LOD0 cast=On receive=True KeeperDark (Instance) noRim=False KeeperLeather (Instance) noRim=False KeeperSkin (Instance) noRim=False | Body_LOD1 cast=On receive=True KeeperDark (Instance) noRim=False KeeperLeather (Instance) noRim=False KeeperSkin (Instance) noRim=False | Cape_LOD0 cast=On receive=True KeeperCloth (Instance) noRim=False | Cape_LOD1 cast=On receive=True KeeperCloth (Instance) noRim=False | Iron cast=On receive=True LanternIron (Instance) noRim=False | Hood_LOD0 cast=On receive=True KeeperCloth (Instance) noRim=False | Hood_LOD1 cast=On receive=True KeeperCloth (Instance) noRim=False | Satchel_LOD0 cast=On receive=True KeeperLeather (Instance) noRim=False | Satchel_LOD1 cast=On receive=True KeeperLeather (Instance) noRim=False assetNoRim=False
HorizonQuality Island1 Ultra ranges Range0:1,Range1:1,Range2:1 ridges Ridge0:1,Ridge1:1 hazeActive 2/2 band 2,2 sharedBand 2,2 far Main Camera=1170 tris ranges 25920 ridges 15360 haze 384
LightQuality Ultra beaconMode=2 mult=1.5 urp=URP_Ultra addShadows=True | beacon0 Soft/off tier=0 | beacon1 Soft/off tier=0 | beacon2 Soft/off tier=0 | beacon3 Soft/off tier=0 | beacon4 Soft/off tier=0 | beacons lit=0 unlit=5 casting=0 | firefly 14/14 | moth 0/0 | enabledLights=22 shadowLights=2 | Sparks@FlameRoot rate=21 max=120 burst=- | Smoke@FlameRoot rate=9 max=120 burst=- | PickupBurst@Firefly rate=0 max=120 burst=24 | Splash@WaterVolume rate=0 max=72 burst=42 | Dust@Keeper rate=0 max=120 burst=-
WaterQuality Ultra renderer=0 low=False foamReach=12 rippleRange=1.35 detail=1 probe=once
Unloading 529 unused Assets to reduce memory usage. Loaded Objects now: 7802.
Total: 2.515800 ms (FindLiveObjects: 0.229300 ms CreateObjectMapping: 0.110800 ms MarkObjects: 1.620400 ms  DeleteObjects: 0.479500 ms)

Drain multiplier x1.00 full x1.00 difficulty x1.00
Audio snapshot -> Ducked (loss)
LK_PerfProbe scene=Island1 level=Ultra qualityLevel=3 view=spawn res=1920x1080 fullscreen=True vsync=0 samples=4092 avgMs=4.89 minMs=2.51 maxMs=13.75 p95Ms=7.19 fps=204.6 gcAvgBytes=0 gcMin=n/a gcMax=0 cpuFrameMs=4.89 gpuFrameMs=4.47 gpuFrames=4061 gpuZeroFrames=31 gpuRecorderMs=4.47 gpuRecorderFrames=4061 triangles=604497 triMedian=497643 applied=shadowDist=40 lodBias=4.00 renderScale=1.00 grassDens=0.60 grassDist=45 pixelErr=2 setPass=90 batches=66 shadowCasters=74 stats=Triangles Count=ok,SetPass Calls Count=ok,Shadow Casters Count=ok,SRP Batcher Draw Calls Count=ok gpuStat=GPU Frame Time note=gpu-frame-timing
Audio snapshot -> Normal (resume)
GPU Resident Drawer disposed.
[Physics::Module] Cleanup current backend.
[Physics::Module] Id: 0xf2b8ea05
Input System module state changed to: ShutdownInProgress.
Input Polling Thread exited.
Input System module state changed to: Shutdown.
CodeReloadManager destroyed
